../Drivers/CMSIS/Include/core_cm4.h:2064:26:ITM_SendChar	16	static,ignoring_inline_asm
../Core/Src/main.c:99:5:_write	32	static
../Core/Src/main.c:108:6:delay_us	24	static
../Core/Src/main.c:117:6:HCSR04_Read	16	static
../Core/Src/main.c:163:6:Servo_SetPosition	16	static
../Core/Src/main.c:174:5:main	128	static
../Core/Src/main.c:268:6:SystemClock_Config	88	static
../Core/Src/main.c:314:13:MX_I2S3_Init	8	static
../Core/Src/main.c:348:13:MX_SPI1_Init	8	static
../Core/Src/main.c:386:13:MX_TIM2_Init	64	static
../Core/Src/main.c:445:13:MX_TIM3_Init	64	static
../Core/Src/main.c:504:13:MX_USART2_UART_Init	8	static
../Core/Src/main.c:537:13:MX_USART3_UART_Init	8	static
../Core/Src/main.c:570:13:MX_GPIO_Init	56	static
../Core/Src/main.c:687:6:Hardware_Init	16	static
../Core/Src/main.c:728:6:StartDefaultTask	16	static
../Core/Src/main.c:748:6:UltrasonTask	16	static
../Core/Src/main.c:788:6:ServoTask	24	static
../Core/Src/main.c:846:6:CommunicationTask	264	static
../Core/Src/main.c:940:6:Error_Handler	4	static,ignoring_inline_asm
